MPLINK 5.09, LINKER
Linker Map File - Created Thu Sep 26 18:28:04 2019

                                 Section Info
                  Section       Type    Address   Location Size(Bytes)
                ---------  ---------  ---------  ---------  ---------
                   .org_0       code   0x000000    program   0x000002
                   .cinit    romdata   0x000001    program   0x000004
                   .org_1       code   0x000004    program   0x0000ae



                              Program Memory Usage 
                               Start         End      
                           ---------   ---------      
                            0x000000    0x000002      
                            0x000004    0x00005a      
            90 out of 8454 program addresses used, program memory utilization is 1%



                              Symbols - Sorted by Name
                     Name    Address   Location    Storage File                     
                ---------  ---------  ---------  --------- ---------                
                      INI   0x00001b    program     static C:\Users\thyag\OneDrive\Documentos\GitHub\Microprocessors-Microcontrollers\Assignment 05 - Lab\Files\parteIV.X\ADIV.asm
                     MAIN   0x00003e    program     static C:\Users\thyag\OneDrive\Documentos\GitHub\Microprocessors-Microcontrollers\Assignment 05 - Lab\Files\parteIV.X\ADIV.asm
                  d10_1ms   0x000051    program     static C:\Users\thyag\OneDrive\Documentos\GitHub\Microprocessors-Microcontrollers\Assignment 05 - Lab\Files\parteIV.X\ADIV.asm
                  dly_1mx   0x000055    program     static C:\Users\thyag\OneDrive\Documentos\GitHub\Microprocessors-Microcontrollers\Assignment 05 - Lab\Files\parteIV.X\ADIV.asm
                  dly_1my   0x000053    program     static C:\Users\thyag\OneDrive\Documentos\GitHub\Microprocessors-Microcontrollers\Assignment 05 - Lab\Files\parteIV.X\ADIV.asm
                    le_ad   0x00003f    program     static C:\Users\thyag\OneDrive\Documentos\GitHub\Microprocessors-Microcontrollers\Assignment 05 - Lab\Files\parteIV.X\ADIV.asm



                              Symbols - Sorted by Address
                     Name    Address   Location    Storage File                     
                ---------  ---------  ---------  --------- ---------                
                      INI   0x00001b    program     static C:\Users\thyag\OneDrive\Documentos\GitHub\Microprocessors-Microcontrollers\Assignment 05 - Lab\Files\parteIV.X\ADIV.asm
                     MAIN   0x00003e    program     static C:\Users\thyag\OneDrive\Documentos\GitHub\Microprocessors-Microcontrollers\Assignment 05 - Lab\Files\parteIV.X\ADIV.asm
                    le_ad   0x00003f    program     static C:\Users\thyag\OneDrive\Documentos\GitHub\Microprocessors-Microcontrollers\Assignment 05 - Lab\Files\parteIV.X\ADIV.asm
                  d10_1ms   0x000051    program     static C:\Users\thyag\OneDrive\Documentos\GitHub\Microprocessors-Microcontrollers\Assignment 05 - Lab\Files\parteIV.X\ADIV.asm
                  dly_1my   0x000053    program     static C:\Users\thyag\OneDrive\Documentos\GitHub\Microprocessors-Microcontrollers\Assignment 05 - Lab\Files\parteIV.X\ADIV.asm
                  dly_1mx   0x000055    program     static C:\Users\thyag\OneDrive\Documentos\GitHub\Microprocessors-Microcontrollers\Assignment 05 - Lab\Files\parteIV.X\ADIV.asm


