MPLINK 5.09, LINKER
Linker Map File - Created Mon Nov 18 16:49:12 2019

                                 Section Info
                  Section       Type    Address   Location Size(Bytes)
                ---------  ---------  ---------  ---------  ---------
                   .org_0       code   0x000000    program   0x000002
                   .cinit    romdata   0x000001    program   0x000004
                   .org_1       code   0x000004    program   0x0000b0



                              Program Memory Usage 
                               Start         End      
                           ---------   ---------      
                            0x000000    0x000002      
                            0x000004    0x00005b      
            91 out of 2182 program addresses used, program memory utilization is 4%



                              Symbols - Sorted by Name
                     Name    Address   Location    Storage File                     
                ---------  ---------  ---------  --------- ---------                
              ACENDER_LED   0x00003e    program     static ..\..\..\Part 1\Code Files\PART-1.X\code.asm
          ANALISE_CURVA_1   0x00002a    program     static ..\..\..\Part 1\Code Files\PART-1.X\code.asm
          ANALISE_CURVA_2   0x000034    program     static ..\..\..\Part 1\Code Files\PART-1.X\code.asm
            CURVA_DIREITA   0x000047    program     static ..\..\..\Part 1\Code Files\PART-1.X\code.asm
           CURVA_ESQUERDA   0x00004b    program     static ..\..\..\Part 1\Code Files\PART-1.X\code.asm
                    DELAY   0x00004f    program     static ..\..\..\Part 1\Code Files\PART-1.X\code.asm
              ESPERAR_FIM   0x000039    program     static ..\..\..\Part 1\Code Files\PART-1.X\code.asm
              GIROINICIAL   0x000019    program     static ..\..\..\Part 1\Code Files\PART-1.X\code.asm
                      INI   0x000005    program     static ..\..\..\Part 1\Code Files\PART-1.X\code.asm
                     LOOP   0x000055    program     static ..\..\..\Part 1\Code Files\PART-1.X\code.asm
            LOOP_INFINITO   0x000046    program     static ..\..\..\Part 1\Code Files\PART-1.X\code.asm
                   MAIN_1   0x000025    program     static ..\..\..\Part 1\Code Files\PART-1.X\code.asm
                   MAIN_2   0x00002f    program     static ..\..\..\Part 1\Code Files\PART-1.X\code.asm



                              Symbols - Sorted by Address
                     Name    Address   Location    Storage File                     
                ---------  ---------  ---------  --------- ---------                
                      INI   0x000005    program     static ..\..\..\Part 1\Code Files\PART-1.X\code.asm
              GIROINICIAL   0x000019    program     static ..\..\..\Part 1\Code Files\PART-1.X\code.asm
                   MAIN_1   0x000025    program     static ..\..\..\Part 1\Code Files\PART-1.X\code.asm
          ANALISE_CURVA_1   0x00002a    program     static ..\..\..\Part 1\Code Files\PART-1.X\code.asm
                   MAIN_2   0x00002f    program     static ..\..\..\Part 1\Code Files\PART-1.X\code.asm
          ANALISE_CURVA_2   0x000034    program     static ..\..\..\Part 1\Code Files\PART-1.X\code.asm
              ESPERAR_FIM   0x000039    program     static ..\..\..\Part 1\Code Files\PART-1.X\code.asm
              ACENDER_LED   0x00003e    program     static ..\..\..\Part 1\Code Files\PART-1.X\code.asm
            LOOP_INFINITO   0x000046    program     static ..\..\..\Part 1\Code Files\PART-1.X\code.asm
            CURVA_DIREITA   0x000047    program     static ..\..\..\Part 1\Code Files\PART-1.X\code.asm
           CURVA_ESQUERDA   0x00004b    program     static ..\..\..\Part 1\Code Files\PART-1.X\code.asm
                    DELAY   0x00004f    program     static ..\..\..\Part 1\Code Files\PART-1.X\code.asm
                     LOOP   0x000055    program     static ..\..\..\Part 1\Code Files\PART-1.X\code.asm


