Microchip MPLAB XC8 Compiler V2.10 ()

Linker command line:

-W-3 --edf=C:\Program Files (x86)\Microchip\xc8\v2.10\pic\dat\en_msgs.txt \
  -cs -h+dist/default/production\code.X.production.sym \
  --cmf=dist/default/production\code.X.production.cmf -z -Q16F628A \
  -oC:\Users\thyag\AppData\Local\Temp\s490.2 --defsym=__MPLAB_BUILD=1 \
  -Mdist/default/production/code.X.production.map -E1 -ver=XC8 --acfsm=1493 \
  -ASTACK=020h-06Fh -pstack=STACK -ACODE=00h-07FFh -ASTRCODE=00h-07FFh \
  -ASTRING=00h-0FFhx8 -ACONST=00h-0FFhx8 -AENTRY=00h-0FFhx8 \
  -ACOMMON=070h-07Fh -ABANK0=020h-06Fh -ABANK1=0A0h-0EFh \
  -ABANK2=0120h-014Fh -ARAM=020h-06Fh,0A0h-0EFh,0120h-014Fh \
  -AABS1=020h-07Fh,0A0h-0EFh,0120h-014Fh -ASFR0=00h-01Fh -ASFR1=080h-09Fh \
  -ASFR2=0100h-011Fh -ASFR3=0180h-01EFh \
  -preset_vec=00h,intentry=04h,init,end_init -ppowerup=CODE -pcinit=CODE \
  -pfunctab=ENTRY -ACONFIG=02007h-02007h -pconfig=CONFIG -DCONFIG=2 \
  -AIDLOC=02000h-02003h -pidloc=IDLOC -DIDLOC=2 -AEEDATA=00h-07Fh/02100h \
  -peeprom_data=EEDATA -DEEDATA=2 -DCODE=2 -DSTRCODE=2 -DSTRING=2 -DCONST=2 \
  -DENTRY=2 -k C:\Users\thyag\AppData\Local\Temp\s490.o \
  dist/default/production\code.X.production.o 

Object code version is 3.11

Machine type is 16F628A



                Name                               Link     Load   Length Selector   Space Scale
C:\Users\thyag\AppData\Local\Temp\s490.o
                end_init                              A        A        1        8       0
                reset_vec                             0        0        1        0       0
dist/default/production\code.X.production.o
                cinit                                 B        B        4        8       0
                intentry                              4        4        6        8       0
                text1                                39       39       15        8       0
                maintext                              F        F       2A        8       0
                cstackCOMMON                         72       72        2       70       1
                bssCOMMON                            70       70        2       70       1

TOTAL           Name                               Link     Load   Length     Space
        CLASS   STACK          

        CLASS   CODE           
                end_init                              A        A        1         0
                cinit                                 B        B        4         0
                intentry                              4        4        6         0
                reset_vec                             0        0        1         0
                text1                                39       39       15         0
                maintext                              F        F       2A         0

        CLASS   STRCODE        

        CLASS   STRING         

        CLASS   CONST          

        CLASS   ENTRY          

        CLASS   COMMON         
                cstackCOMMON                         72       72        2         1
                bssCOMMON                            70       70        2         1

        CLASS   BANK0          

        CLASS   BANK1          

        CLASS   BANK2          

        CLASS   RAM            

        CLASS   ABS1           
                abs_s1                               7E       7E        2         1

        CLASS   SFR0           

        CLASS   SFR1           

        CLASS   SFR2           

        CLASS   SFR3           

        CLASS   CONFIG         

        CLASS   IDLOC          

        CLASS   EEDATA         

        CLASS   BANK3          



SEGMENTS        Name                           Load    Length   Top    Selector   Space  Class     Delta

                reset_vec                      000000  000001  000001         0       0  CODE        2
                intentry                       000004  00004A  00004E         8       0  CODE        2
                bssCOMMON                      000070  000004  000074        70       1  COMMON      1


UNUSED ADDRESS RANGES

        Name                Unused          Largest block    Delta
        BANK0            20-6F           50           1
        BANK1            A0-EF           50           1
        BANK2            120-14F           30           1
        CODE             01-03            3           2
                         4E-7FF          7B2
        COMMON           74-7D            A           1
        CONFIG           2007-2007            1           2
        CONST            01-03            3           2
                         4E-7FF          100
        EEDATA           2100-217F           80           2
        ENTRY            01-03            3           2
                         4E-7FF          100
        IDLOC            2000-2003            4           2
        RAM              20-6F           50           1
                         A0-EF           50
                         120-14F           30
        SFR0             00-1F           20           1
        SFR1             80-9F           20           1
        SFR2             100-11F           20           1
        SFR3             180-1EF           70           1
        STACK            20-6F           50           1
        STRCODE          01-03            3           2
                         4E-7FF          7B2
        STRING           01-03            3           2
                         4E-7FF          100

                                  Symbol Table

_INTCONbits              (abs)        0B
_OPTION_REG              (abs)        81
_PORTAbits               (abs)        05
_TMR0                    (abs)        01
_TRISA                   (abs)        85
__Habs1                  abs1         00
__Hbank0                 bank0        00
__Hbank1                 bank1        00
__Hbank2                 bank2        00
__Hbank3                 bank3        00
__HbssCOMMON             bssCOMMON    00
__Hcinit                 cinit        0F
__Hclrtext               clrtext      00
__Hcode                  code         00
__Hcommon                common       00
__Hconfig                config       00
__HcstackCOMMON          cstackCOMMON 00
__Heeprom_data           eeprom_data  00
__Hend_init              end_init     0B
__Hfunctab               functab      00
__Hidloc                 idloc        00
__Hinit                  init         0A
__Hintentry              intentry     0A
__Hmaintext              maintext     00
__Hpowerup               powerup      00
__Hram                   ram          00
__Hreset_vec             reset_vec    01
__Hsfr0                  sfr0         00
__Hsfr1                  sfr1         00
__Hsfr2                  sfr2         00
__Hsfr3                  sfr3         00
__Hspace_0               (abs)        4E
__Hspace_1               (abs)        74
__Hspace_2               (abs)        00
__Hspace_3               (abs)        00
__Hstack                 stack        00
__Hstrings               strings      00
__Htext                  text         00
__Labs1                  abs1         00
__Lbank0                 bank0        00
__Lbank1                 bank1        00
__Lbank2                 bank2        00
__Lbank3                 bank3        00
__LbssCOMMON             bssCOMMON    00
__Lcinit                 cinit        0B
__Lclrtext               clrtext      00
__Lcode                  code         00
__Lcommon                common       00
__Lconfig                config       00
__LcstackCOMMON          cstackCOMMON 00
__Leeprom_data           eeprom_data  00
__Lend_init              end_init     0A
__Lfunctab               functab      00
__Lidloc                 idloc        00
__Linit                  init         0A
__Lintentry              intentry     04
__Lmaintext              maintext     00
__Lpowerup               powerup      00
__Lram                   ram          00
__Lreset_vec             reset_vec    00
__Lsfr0                  sfr0         00
__Lsfr1                  sfr1         00
__Lsfr2                  sfr2         00
__Lsfr3                  sfr3         00
__Lspace_0               (abs)        00
__Lspace_1               (abs)        00
__Lspace_2               (abs)        00
__Lspace_3               (abs)        00
__Lstack                 stack        00
__Lstrings               strings      00
__Ltext                  text         00
__S0                     (abs)        4E
__S1                     (abs)        74
__S2                     (abs)        00
__S3                     (abs)        00
___int_sp                stack        00
___latbits               (abs)        00
___sp                    stack        00
___stackhi               (abs)        00
___stacklo               (abs)        00
__end_of__initialization cinit        0D
__end_of_main            maintext     39
__end_of_timer0          text1        4E
__initialization         cinit        0B
__pbssCOMMON             bssCOMMON    70
__pcstackCOMMON          cstackCOMMON 72
__pintentry              intentry     04
__pmaintext              maintext     0F
__ptext1                 text1        39
__size_of_main           (abs)        00
__size_of_timer0         (abs)        00
_aux                     bssCOMMON    70
_main                    maintext     0F
_timer0                  text1        39
btemp                    (abs)        7E
end_of_initialization    cinit        0D
interrupt_function       intentry     04
intlevel0                functab      00
intlevel1                functab      00
intlevel2                functab      00
intlevel3                functab      00
intlevel4                functab      00
intlevel5                functab      00
reset_vec                reset_vec    00
saved_w                  (abs)        7E
start                    init         0A
start_initialization     cinit        0B
wtemp0                   (abs)        7E


FUNCTION INFORMATION:

 *************** function _main *****************
 Defined at:
		line 21 in file "code.c"
 Parameters:    Size  Location     Type
		None
 Auto vars:     Size  Location     Type
		None
 Return value:  Size  Location     Type
                  1    wreg      void 
 Registers used:
		wreg, status,2, status,0
 Tracked objects:
		On entry : 
		On exit  : 
		Unchanged: 
 Data sizes:     COMMON   BANK0   BANK1   BANK2
      Params:         0       0       0       0
      Locals:         0       0       0       0
      Temps:          0       0       0       0
      Totals:         0       0       0       0
Total ram usage:        0 bytes
 Hardware stack levels required when called:    1
 This function calls:
		Nothing
 This function is called by:
		Startup code after reset
 This function uses a non-reentrant model


 *************** function _timer0 *****************
 Defined at:
		line 13 in file "code.c"
 Parameters:    Size  Location     Type
		None
 Auto vars:     Size  Location     Type
		None
 Return value:  Size  Location     Type
                  1    wreg      void 
 Registers used:
		wreg, status,2
 Tracked objects:
		On entry : 
		On exit  : 
		Unchanged: 
 Data sizes:     COMMON   BANK0   BANK1   BANK2
      Params:         0       0       0       0
      Locals:         0       0       0       0
      Temps:          2       0       0       0
      Totals:         2       0       0       0
Total ram usage:        2 bytes
 Hardware stack levels used:    1
 This function calls:
		Nothing
 This function is called by:
		Interrupt level 1
 This function uses a non-reentrant model



MODULE INFORMATION

Module		Function		Class		Link	Load	Size
shared
		__initialization		CODE           	000B	0000	3

shared estimated size: 3

code.c
		_timer0        		CODE           	0039	0000	22
		_main          		CODE           	000F	0000	43

code.c estimated size: 65

