MPLINK 5.09, LINKER
Linker Map File - Created Fri Oct 11 12:26:30 2019

                                 Section Info
                  Section       Type    Address   Location Size(Bytes)
                ---------  ---------  ---------  ---------  ---------
                   .org_0       code   0x000000    program   0x000002
                   .cinit    romdata   0x000001    program   0x000004
                   .org_1       code   0x000004    program   0x00005c



                              Program Memory Usage 
                               Start         End      
                           ---------   ---------      
                            0x000000    0x000002      
                            0x000004    0x000031      
            49 out of 2182 program addresses used, program memory utilization is 2%



                              Symbols - Sorted by Name
                     Name    Address   Location    Storage File                     
                ---------  ---------  ---------  --------- ---------                
            ANALISE_CURVA   0x000018    program     static C:\Users\thyag\OneDrive\Documentos\GitHub\Microprocessors-Microcontrollers\Final Project LAB\Part 1\Code Files\PART-1.X\code.asm
            CURVA_DIREITA   0x00001d    program     static C:\Users\thyag\OneDrive\Documentos\GitHub\Microprocessors-Microcontrollers\Final Project LAB\Part 1\Code Files\PART-1.X\code.asm
           CURVA_ESQUERDA   0x000021    program     static C:\Users\thyag\OneDrive\Documentos\GitHub\Microprocessors-Microcontrollers\Final Project LAB\Part 1\Code Files\PART-1.X\code.asm
                    DELAY   0x000025    program     static C:\Users\thyag\OneDrive\Documentos\GitHub\Microprocessors-Microcontrollers\Final Project LAB\Part 1\Code Files\PART-1.X\code.asm
                      INI   0x000005    program     static C:\Users\thyag\OneDrive\Documentos\GitHub\Microprocessors-Microcontrollers\Final Project LAB\Part 1\Code Files\PART-1.X\code.asm
                     LOOP   0x00002b    program     static C:\Users\thyag\OneDrive\Documentos\GitHub\Microprocessors-Microcontrollers\Final Project LAB\Part 1\Code Files\PART-1.X\code.asm
                     MAIN   0x000015    program     static C:\Users\thyag\OneDrive\Documentos\GitHub\Microprocessors-Microcontrollers\Final Project LAB\Part 1\Code Files\PART-1.X\code.asm



                              Symbols - Sorted by Address
                     Name    Address   Location    Storage File                     
                ---------  ---------  ---------  --------- ---------                
                      INI   0x000005    program     static C:\Users\thyag\OneDrive\Documentos\GitHub\Microprocessors-Microcontrollers\Final Project LAB\Part 1\Code Files\PART-1.X\code.asm
                     MAIN   0x000015    program     static C:\Users\thyag\OneDrive\Documentos\GitHub\Microprocessors-Microcontrollers\Final Project LAB\Part 1\Code Files\PART-1.X\code.asm
            ANALISE_CURVA   0x000018    program     static C:\Users\thyag\OneDrive\Documentos\GitHub\Microprocessors-Microcontrollers\Final Project LAB\Part 1\Code Files\PART-1.X\code.asm
            CURVA_DIREITA   0x00001d    program     static C:\Users\thyag\OneDrive\Documentos\GitHub\Microprocessors-Microcontrollers\Final Project LAB\Part 1\Code Files\PART-1.X\code.asm
           CURVA_ESQUERDA   0x000021    program     static C:\Users\thyag\OneDrive\Documentos\GitHub\Microprocessors-Microcontrollers\Final Project LAB\Part 1\Code Files\PART-1.X\code.asm
                    DELAY   0x000025    program     static C:\Users\thyag\OneDrive\Documentos\GitHub\Microprocessors-Microcontrollers\Final Project LAB\Part 1\Code Files\PART-1.X\code.asm
                     LOOP   0x00002b    program     static C:\Users\thyag\OneDrive\Documentos\GitHub\Microprocessors-Microcontrollers\Final Project LAB\Part 1\Code Files\PART-1.X\code.asm


