MPLINK 5.09, LINKER
Linker Map File - Created Thu Sep 26 12:35:28 2019

                                 Section Info
                  Section       Type    Address   Location Size(Bytes)
                ---------  ---------  ---------  ---------  ---------
                   .org_0       code   0x000000    program   0x000002
                   .cinit    romdata   0x000001    program   0x000004
                   .org_1       code   0x000004    program   0x00006a



                              Program Memory Usage 
                               Start         End      
                           ---------   ---------      
                            0x000000    0x000002      
                            0x000004    0x000038      
            56 out of 8454 program addresses used, program memory utilization is 0%



                              Symbols - Sorted by Name
                     Name    Address   Location    Storage File                     
                ---------  ---------  ---------  --------- ---------                
                      INI   0x000005    program     static ..\AD.ASM                
                     MAIN   0x000011    program     static ..\AD.ASM                
                  d10_1ms   0x00002f    program     static ..\AD.ASM                
                  dly_1mx   0x000033    program     static ..\AD.ASM                
                  dly_1my   0x000031    program     static ..\AD.ASM                
                    le_ad   0x000019    program     static ..\AD.ASM                



                              Symbols - Sorted by Address
                     Name    Address   Location    Storage File                     
                ---------  ---------  ---------  --------- ---------                
                      INI   0x000005    program     static ..\AD.ASM                
                     MAIN   0x000011    program     static ..\AD.ASM                
                    le_ad   0x000019    program     static ..\AD.ASM                
                  d10_1ms   0x00002f    program     static ..\AD.ASM                
                  dly_1my   0x000031    program     static ..\AD.ASM                
                  dly_1mx   0x000033    program     static ..\AD.ASM                


