MPLINK 5.09, LINKER
Linker Map File - Created Thu Sep 26 12:57:49 2019

                                 Section Info
                  Section       Type    Address   Location Size(Bytes)
                ---------  ---------  ---------  ---------  ---------
                   .org_0       code   0x000000    program   0x000002
                   .cinit    romdata   0x000001    program   0x000004
                   .org_1       code   0x000004    program   0x00007e



                              Program Memory Usage 
                               Start         End      
                           ---------   ---------      
                            0x000000    0x000002      
                            0x000004    0x000042      
            66 out of 8454 program addresses used, program memory utilization is 0%



                              Symbols - Sorted by Name
                     Name    Address   Location    Storage File                     
                ---------  ---------  ---------  --------- ---------                
                      INI   0x000005    program     static C:\Users\thyag\OneDrive\Documentos\GitHub\Microprocessors-Microcontrollers\Assignment 05 - Lab\Files\parteIII.X\ADIII.asm
                     MAIN   0x000015    program     static C:\Users\thyag\OneDrive\Documentos\GitHub\Microprocessors-Microcontrollers\Assignment 05 - Lab\Files\parteIII.X\ADIII.asm
                  d10_1ms   0x000039    program     static C:\Users\thyag\OneDrive\Documentos\GitHub\Microprocessors-Microcontrollers\Assignment 05 - Lab\Files\parteIII.X\ADIII.asm
                  dly_1mx   0x00003d    program     static C:\Users\thyag\OneDrive\Documentos\GitHub\Microprocessors-Microcontrollers\Assignment 05 - Lab\Files\parteIII.X\ADIII.asm
                  dly_1my   0x00003b    program     static C:\Users\thyag\OneDrive\Documentos\GitHub\Microprocessors-Microcontrollers\Assignment 05 - Lab\Files\parteIII.X\ADIII.asm
                    le_ad   0x000023    program     static C:\Users\thyag\OneDrive\Documentos\GitHub\Microprocessors-Microcontrollers\Assignment 05 - Lab\Files\parteIII.X\ADIII.asm



                              Symbols - Sorted by Address
                     Name    Address   Location    Storage File                     
                ---------  ---------  ---------  --------- ---------                
                      INI   0x000005    program     static C:\Users\thyag\OneDrive\Documentos\GitHub\Microprocessors-Microcontrollers\Assignment 05 - Lab\Files\parteIII.X\ADIII.asm
                     MAIN   0x000015    program     static C:\Users\thyag\OneDrive\Documentos\GitHub\Microprocessors-Microcontrollers\Assignment 05 - Lab\Files\parteIII.X\ADIII.asm
                    le_ad   0x000023    program     static C:\Users\thyag\OneDrive\Documentos\GitHub\Microprocessors-Microcontrollers\Assignment 05 - Lab\Files\parteIII.X\ADIII.asm
                  d10_1ms   0x000039    program     static C:\Users\thyag\OneDrive\Documentos\GitHub\Microprocessors-Microcontrollers\Assignment 05 - Lab\Files\parteIII.X\ADIII.asm
                  dly_1my   0x00003b    program     static C:\Users\thyag\OneDrive\Documentos\GitHub\Microprocessors-Microcontrollers\Assignment 05 - Lab\Files\parteIII.X\ADIII.asm
                  dly_1mx   0x00003d    program     static C:\Users\thyag\OneDrive\Documentos\GitHub\Microprocessors-Microcontrollers\Assignment 05 - Lab\Files\parteIII.X\ADIII.asm


