MPLINK 5.09, LINKER
Linker Map File - Created Thu Aug 29 13:31:02 2019

                                 Section Info
                  Section       Type    Address   Location Size(Bytes)
                ---------  ---------  ---------  ---------  ---------
                   .org_0       code   0x000000    program   0x000002
                   .cinit    romdata   0x000001    program   0x000004
                   .org_1       code   0x000004    program   0x00006a



                              Program Memory Usage 
                               Start         End      
                           ---------   ---------      
                            0x000000    0x000002      
                            0x000004    0x000038      
            56 out of 2182 program addresses used, program memory utilization is 2%



                              Symbols - Sorted by Name
                     Name    Address   Location    Storage File                     
                ---------  ---------  ---------  --------- ---------                
            DECOD_DISPLAY   0x000024    program     static C:\Users\thyag\MPLABXProjects\lab2_parte3.0.X\parte3.asm
                      FIM   0x000023    program     static C:\Users\thyag\MPLABXProjects\lab2_parte3.0.X\parte3.asm
                   INICIO   0x000016    program     static C:\Users\thyag\MPLABXProjects\lab2_parte3.0.X\parte3.asm
                   TABELA   0x000029    program     static C:\Users\thyag\MPLABXProjects\lab2_parte3.0.X\parte3.asm
                     ZERA   0x000013    program     static C:\Users\thyag\MPLABXProjects\lab2_parte3.0.X\parte3.asm



                              Symbols - Sorted by Address
                     Name    Address   Location    Storage File                     
                ---------  ---------  ---------  --------- ---------                
                     ZERA   0x000013    program     static C:\Users\thyag\MPLABXProjects\lab2_parte3.0.X\parte3.asm
                   INICIO   0x000016    program     static C:\Users\thyag\MPLABXProjects\lab2_parte3.0.X\parte3.asm
                      FIM   0x000023    program     static C:\Users\thyag\MPLABXProjects\lab2_parte3.0.X\parte3.asm
            DECOD_DISPLAY   0x000024    program     static C:\Users\thyag\MPLABXProjects\lab2_parte3.0.X\parte3.asm
                   TABELA   0x000029    program     static C:\Users\thyag\MPLABXProjects\lab2_parte3.0.X\parte3.asm


