MPLINK 5.09, LINKER
Linker Map File - Created Tue Oct 22 11:12:29 2019

                                 Section Info
                  Section       Type    Address   Location Size(Bytes)
                ---------  ---------  ---------  ---------  ---------
                   .org_0       code   0x000000    program   0x000002
                   .cinit    romdata   0x000001    program   0x000004
                   .org_1       code   0x000004    program   0x0000a2



                              Program Memory Usage 
                               Start         End      
                           ---------   ---------      
                            0x000000    0x000002      
                            0x000004    0x000054      
            84 out of 2182 program addresses used, program memory utilization is 3%



                              Symbols - Sorted by Name
                     Name    Address   Location    Storage File                     
                ---------  ---------  ---------  --------- ---------                
              ACENDER_LED   0x000037    program     static ..\..\..\Part 1\Code Files\PART-1.X\code.asm
          ANALISE_CURVA_1   0x000021    program     static ..\..\..\Part 1\Code Files\PART-1.X\code.asm
          ANALISE_CURVA_2   0x00002c    program     static ..\..\..\Part 1\Code Files\PART-1.X\code.asm
            CURVA_DIREITA   0x000040    program     static ..\..\..\Part 1\Code Files\PART-1.X\code.asm
           CURVA_ESQUERDA   0x000044    program     static ..\..\..\Part 1\Code Files\PART-1.X\code.asm
                    DELAY   0x000048    program     static ..\..\..\Part 1\Code Files\PART-1.X\code.asm
              ESPERAR_FIM   0x000031    program     static ..\..\..\Part 1\Code Files\PART-1.X\code.asm
              GIROINICIAL   0x000011    program     static ..\..\..\Part 1\Code Files\PART-1.X\code.asm
                      INI   0x000005    program     static ..\..\..\Part 1\Code Files\PART-1.X\code.asm
                     LOOP   0x00004e    program     static ..\..\..\Part 1\Code Files\PART-1.X\code.asm
            LOOP_INFINITO   0x00003f    program     static ..\..\..\Part 1\Code Files\PART-1.X\code.asm
                   MAIN_1   0x00001b    program     static ..\..\..\Part 1\Code Files\PART-1.X\code.asm
                   MAIN_2   0x000026    program     static ..\..\..\Part 1\Code Files\PART-1.X\code.asm



                              Symbols - Sorted by Address
                     Name    Address   Location    Storage File                     
                ---------  ---------  ---------  --------- ---------                
                      INI   0x000005    program     static ..\..\..\Part 1\Code Files\PART-1.X\code.asm
              GIROINICIAL   0x000011    program     static ..\..\..\Part 1\Code Files\PART-1.X\code.asm
                   MAIN_1   0x00001b    program     static ..\..\..\Part 1\Code Files\PART-1.X\code.asm
          ANALISE_CURVA_1   0x000021    program     static ..\..\..\Part 1\Code Files\PART-1.X\code.asm
                   MAIN_2   0x000026    program     static ..\..\..\Part 1\Code Files\PART-1.X\code.asm
          ANALISE_CURVA_2   0x00002c    program     static ..\..\..\Part 1\Code Files\PART-1.X\code.asm
              ESPERAR_FIM   0x000031    program     static ..\..\..\Part 1\Code Files\PART-1.X\code.asm
              ACENDER_LED   0x000037    program     static ..\..\..\Part 1\Code Files\PART-1.X\code.asm
            LOOP_INFINITO   0x00003f    program     static ..\..\..\Part 1\Code Files\PART-1.X\code.asm
            CURVA_DIREITA   0x000040    program     static ..\..\..\Part 1\Code Files\PART-1.X\code.asm
           CURVA_ESQUERDA   0x000044    program     static ..\..\..\Part 1\Code Files\PART-1.X\code.asm
                    DELAY   0x000048    program     static ..\..\..\Part 1\Code Files\PART-1.X\code.asm
                     LOOP   0x00004e    program     static ..\..\..\Part 1\Code Files\PART-1.X\code.asm


