MPLINK 5.09, LINKER
Linker Map File - Created Tue Nov 05 14:05:10 2019

                                 Section Info
                  Section       Type    Address   Location Size(Bytes)
                ---------  ---------  ---------  ---------  ---------
                   .org_0       code   0x000000    program   0x000002
                   .cinit    romdata   0x000001    program   0x000004
                   .org_1       code   0x000004    program   0x0000ae



                              Program Memory Usage 
                               Start         End      
                           ---------   ---------      
                            0x000000    0x000002      
                            0x000004    0x00005a      
            90 out of 2182 program addresses used, program memory utilization is 4%



                              Symbols - Sorted by Name
                     Name    Address   Location    Storage File                     
                ---------  ---------  ---------  --------- ---------                
          ANALISE_CURVA_0   0x000020    program     static C:\Users\thyag\OneDrive\Documentos\GitHub\Microprocessors-Microcontrollers\Final Project LAB\Part 5\Code\PIC16F628.X\pic16f628.asm
          ANALISE_CURVA_1   0x000025    program     static C:\Users\thyag\OneDrive\Documentos\GitHub\Microprocessors-Microcontrollers\Final Project LAB\Part 5\Code\PIC16F628.X\pic16f628.asm
    ANALISE_CURVA_FINAL_0   0x00002a    program     static C:\Users\thyag\OneDrive\Documentos\GitHub\Microprocessors-Microcontrollers\Final Project LAB\Part 5\Code\PIC16F628.X\pic16f628.asm
    ANALISE_CURVA_FINAL_1   0x00002d    program     static C:\Users\thyag\OneDrive\Documentos\GitHub\Microprocessors-Microcontrollers\Final Project LAB\Part 5\Code\PIC16F628.X\pic16f628.asm
          ANALISE_CURVA_X   0x00001c    program     static C:\Users\thyag\OneDrive\Documentos\GitHub\Microprocessors-Microcontrollers\Final Project LAB\Part 5\Code\PIC16F628.X\pic16f628.asm
            CURVA_DIREITA   0x00003e    program     static C:\Users\thyag\OneDrive\Documentos\GitHub\Microprocessors-Microcontrollers\Final Project LAB\Part 5\Code\PIC16F628.X\pic16f628.asm
           CURVA_ESQUERDA   0x000046    program     static C:\Users\thyag\OneDrive\Documentos\GitHub\Microprocessors-Microcontrollers\Final Project LAB\Part 5\Code\PIC16F628.X\pic16f628.asm
            CURVA_FINAL_0   0x000030    program     static C:\Users\thyag\OneDrive\Documentos\GitHub\Microprocessors-Microcontrollers\Final Project LAB\Part 5\Code\PIC16F628.X\pic16f628.asm
            CURVA_FINAL_1   0x000032    program     static C:\Users\thyag\OneDrive\Documentos\GitHub\Microprocessors-Microcontrollers\Final Project LAB\Part 5\Code\PIC16F628.X\pic16f628.asm
                    DELAY   0x00004e    program     static C:\Users\thyag\OneDrive\Documentos\GitHub\Microprocessors-Microcontrollers\Final Project LAB\Part 5\Code\PIC16F628.X\pic16f628.asm
              ESPERAR_FIM   0x000034    program     static C:\Users\thyag\OneDrive\Documentos\GitHub\Microprocessors-Microcontrollers\Final Project LAB\Part 5\Code\PIC16F628.X\pic16f628.asm
                      INI   0x000005    program     static C:\Users\thyag\OneDrive\Documentos\GitHub\Microprocessors-Microcontrollers\Final Project LAB\Part 5\Code\PIC16F628.X\pic16f628.asm
                     LOOP   0x000054    program     static C:\Users\thyag\OneDrive\Documentos\GitHub\Microprocessors-Microcontrollers\Final Project LAB\Part 5\Code\PIC16F628.X\pic16f628.asm
            LOOP_INFINITO   0x00003d    program     static C:\Users\thyag\OneDrive\Documentos\GitHub\Microprocessors-Microcontrollers\Final Project LAB\Part 5\Code\PIC16F628.X\pic16f628.asm
                   MAIN_X   0x000017    program     static C:\Users\thyag\OneDrive\Documentos\GitHub\Microprocessors-Microcontrollers\Final Project LAB\Part 5\Code\PIC16F628.X\pic16f628.asm
                    PARAR   0x000037    program     static C:\Users\thyag\OneDrive\Documentos\GitHub\Microprocessors-Microcontrollers\Final Project LAB\Part 5\Code\PIC16F628.X\pic16f628.asm



                              Symbols - Sorted by Address
                     Name    Address   Location    Storage File                     
                ---------  ---------  ---------  --------- ---------                
                      INI   0x000005    program     static C:\Users\thyag\OneDrive\Documentos\GitHub\Microprocessors-Microcontrollers\Final Project LAB\Part 5\Code\PIC16F628.X\pic16f628.asm
                   MAIN_X   0x000017    program     static C:\Users\thyag\OneDrive\Documentos\GitHub\Microprocessors-Microcontrollers\Final Project LAB\Part 5\Code\PIC16F628.X\pic16f628.asm
          ANALISE_CURVA_X   0x00001c    program     static C:\Users\thyag\OneDrive\Documentos\GitHub\Microprocessors-Microcontrollers\Final Project LAB\Part 5\Code\PIC16F628.X\pic16f628.asm
          ANALISE_CURVA_0   0x000020    program     static C:\Users\thyag\OneDrive\Documentos\GitHub\Microprocessors-Microcontrollers\Final Project LAB\Part 5\Code\PIC16F628.X\pic16f628.asm
          ANALISE_CURVA_1   0x000025    program     static C:\Users\thyag\OneDrive\Documentos\GitHub\Microprocessors-Microcontrollers\Final Project LAB\Part 5\Code\PIC16F628.X\pic16f628.asm
    ANALISE_CURVA_FINAL_0   0x00002a    program     static C:\Users\thyag\OneDrive\Documentos\GitHub\Microprocessors-Microcontrollers\Final Project LAB\Part 5\Code\PIC16F628.X\pic16f628.asm
    ANALISE_CURVA_FINAL_1   0x00002d    program     static C:\Users\thyag\OneDrive\Documentos\GitHub\Microprocessors-Microcontrollers\Final Project LAB\Part 5\Code\PIC16F628.X\pic16f628.asm
            CURVA_FINAL_0   0x000030    program     static C:\Users\thyag\OneDrive\Documentos\GitHub\Microprocessors-Microcontrollers\Final Project LAB\Part 5\Code\PIC16F628.X\pic16f628.asm
            CURVA_FINAL_1   0x000032    program     static C:\Users\thyag\OneDrive\Documentos\GitHub\Microprocessors-Microcontrollers\Final Project LAB\Part 5\Code\PIC16F628.X\pic16f628.asm
              ESPERAR_FIM   0x000034    program     static C:\Users\thyag\OneDrive\Documentos\GitHub\Microprocessors-Microcontrollers\Final Project LAB\Part 5\Code\PIC16F628.X\pic16f628.asm
                    PARAR   0x000037    program     static C:\Users\thyag\OneDrive\Documentos\GitHub\Microprocessors-Microcontrollers\Final Project LAB\Part 5\Code\PIC16F628.X\pic16f628.asm
            LOOP_INFINITO   0x00003d    program     static C:\Users\thyag\OneDrive\Documentos\GitHub\Microprocessors-Microcontrollers\Final Project LAB\Part 5\Code\PIC16F628.X\pic16f628.asm
            CURVA_DIREITA   0x00003e    program     static C:\Users\thyag\OneDrive\Documentos\GitHub\Microprocessors-Microcontrollers\Final Project LAB\Part 5\Code\PIC16F628.X\pic16f628.asm
           CURVA_ESQUERDA   0x000046    program     static C:\Users\thyag\OneDrive\Documentos\GitHub\Microprocessors-Microcontrollers\Final Project LAB\Part 5\Code\PIC16F628.X\pic16f628.asm
                    DELAY   0x00004e    program     static C:\Users\thyag\OneDrive\Documentos\GitHub\Microprocessors-Microcontrollers\Final Project LAB\Part 5\Code\PIC16F628.X\pic16f628.asm
                     LOOP   0x000054    program     static C:\Users\thyag\OneDrive\Documentos\GitHub\Microprocessors-Microcontrollers\Final Project LAB\Part 5\Code\PIC16F628.X\pic16f628.asm


