MPLINK 5.09, LINKER
Linker Map File - Created Wed Nov 27 12:48:09 2019

                                 Section Info
                  Section       Type    Address   Location Size(Bytes)
                ---------  ---------  ---------  ---------  ---------
                   .org_0       code   0x000000    program   0x000002
                   .cinit    romdata   0x000001    program   0x000004
                   .org_1       code   0x000004    program   0x0001de
.config_2007_BUILD/DEFAULT/PRODUCTION/FINALCO       code   0x002007    program   0x000002



                              Program Memory Usage 
                               Start         End      
                           ---------   ---------      
                            0x000000    0x000002      
                            0x000004    0x0000f2      
                            0x002007    0x002007      
            243 out of 2182 program addresses used, program memory utilization is 11%



                              Symbols - Sorted by Name
                     Name    Address   Location    Storage File                     
                ---------  ---------  ---------  --------- ---------                
                   ATRASO   0x0000e7    program     static C:\Users\thyag\OneDrive\Documentos\GitHub\Microprocessors-Microcontrollers\Final Project LAB\Final\Code\FINAL.X\finalcode.asm
                      AUX   0x0000ec    program     static C:\Users\thyag\OneDrive\Documentos\GitHub\Microprocessors-Microcontrollers\Final Project LAB\Final\Code\FINAL.X\finalcode.asm
               CAMINHO_00   0x00005e    program     static C:\Users\thyag\OneDrive\Documentos\GitHub\Microprocessors-Microcontrollers\Final Project LAB\Final\Code\FINAL.X\finalcode.asm
               CAMINHO_01   0x00007e    program     static C:\Users\thyag\OneDrive\Documentos\GitHub\Microprocessors-Microcontrollers\Final Project LAB\Final\Code\FINAL.X\finalcode.asm
               CAMINHO_0X   0x000058    program     static C:\Users\thyag\OneDrive\Documentos\GitHub\Microprocessors-Microcontrollers\Final Project LAB\Final\Code\FINAL.X\finalcode.asm
               CAMINHO_10   0x00009e    program     static C:\Users\thyag\OneDrive\Documentos\GitHub\Microprocessors-Microcontrollers\Final Project LAB\Final\Code\FINAL.X\finalcode.asm
               CAMINHO_11   0x0000be    program     static C:\Users\thyag\OneDrive\Documentos\GitHub\Microprocessors-Microcontrollers\Final Project LAB\Final\Code\FINAL.X\finalcode.asm
               CAMINHO_1X   0x00005b    program     static C:\Users\thyag\OneDrive\Documentos\GitHub\Microprocessors-Microcontrollers\Final Project LAB\Final\Code\FINAL.X\finalcode.asm
     FAZER_CURVA_ESQUERDA   0x000024    program     static C:\Users\thyag\OneDrive\Documentos\GitHub\Microprocessors-Microcontrollers\Final Project LAB\Final\Code\FINAL.X\finalcode.asm
FAZER_VOLTA_CURVA_DIREITA_10   0x0000a4    program     static C:\Users\thyag\OneDrive\Documentos\GitHub\Microprocessors-Microcontrollers\Final Project LAB\Final\Code\FINAL.X\finalcode.asm
FAZER_VOLTA_CURVA_DIREITA_11   0x0000c4    program     static C:\Users\thyag\OneDrive\Documentos\GitHub\Microprocessors-Microcontrollers\Final Project LAB\Final\Code\FINAL.X\finalcode.asm
FAZER_VOLTA_CURVA_ESQUERDA   0x000064    program     static C:\Users\thyag\OneDrive\Documentos\GitHub\Microprocessors-Microcontrollers\Final Project LAB\Final\Code\FINAL.X\finalcode.asm
FAZER_VOLTA_CURVA_ESQUERDA_01   0x000084    program     static C:\Users\thyag\OneDrive\Documentos\GitHub\Microprocessors-Microcontrollers\Final Project LAB\Final\Code\FINAL.X\finalcode.asm
                     GIRO   0x000044    program     static C:\Users\thyag\OneDrive\Documentos\GitHub\Microprocessors-Microcontrollers\Final Project LAB\Final\Code\FINAL.X\finalcode.asm
                   INICIO   0x000005    program     static C:\Users\thyag\OneDrive\Documentos\GitHub\Microprocessors-Microcontrollers\Final Project LAB\Final\Code\FINAL.X\finalcode.asm
             LIGA_MOTORES   0x00001c    program     static C:\Users\thyag\OneDrive\Documentos\GitHub\Microprocessors-Microcontrollers\Final Project LAB\Final\Code\FINAL.X\finalcode.asm
                  PARTE_I   0x000040    program     static C:\Users\thyag\OneDrive\Documentos\GitHub\Microprocessors-Microcontrollers\Final Project LAB\Final\Code\FINAL.X\finalcode.asm
                 PARTE_II   0x000054    program     static C:\Users\thyag\OneDrive\Documentos\GitHub\Microprocessors-Microcontrollers\Final Project LAB\Final\Code\FINAL.X\finalcode.asm
                PARTE_III   0x0000df    program     static C:\Users\thyag\OneDrive\Documentos\GitHub\Microprocessors-Microcontrollers\Final Project LAB\Final\Code\FINAL.X\finalcode.asm
       TESTE_CURVA_INICIO   0x00001e    program     static C:\Users\thyag\OneDrive\Documentos\GitHub\Microprocessors-Microcontrollers\Final Project LAB\Final\Code\FINAL.X\finalcode.asm
          TESTE_FIM_CURVA   0x000028    program     static C:\Users\thyag\OneDrive\Documentos\GitHub\Microprocessors-Microcontrollers\Final Project LAB\Final\Code\FINAL.X\finalcode.asm
         TESTE_FIM_CURVA1   0x000037    program     static C:\Users\thyag\OneDrive\Documentos\GitHub\Microprocessors-Microcontrollers\Final Project LAB\Final\Code\FINAL.X\finalcode.asm
       TESTE_GIRO_DIREITO   0x000051    program     static C:\Users\thyag\OneDrive\Documentos\GitHub\Microprocessors-Microcontrollers\Final Project LAB\Final\Code\FINAL.X\finalcode.asm
     TESTE_SENSOR_DIREITO   0x000031    program     static C:\Users\thyag\OneDrive\Documentos\GitHub\Microprocessors-Microcontrollers\Final Project LAB\Final\Code\FINAL.X\finalcode.asm
    TESTE_VOLTA_FIM_CURVA   0x000069    program     static C:\Users\thyag\OneDrive\Documentos\GitHub\Microprocessors-Microcontrollers\Final Project LAB\Final\Code\FINAL.X\finalcode.asm
   TESTE_VOLTA_FIM_CURVA1   0x000077    program     static C:\Users\thyag\OneDrive\Documentos\GitHub\Microprocessors-Microcontrollers\Final Project LAB\Final\Code\FINAL.X\finalcode.asm
TESTE_VOLTA_FIM_CURVA1_01   0x000097    program     static C:\Users\thyag\OneDrive\Documentos\GitHub\Microprocessors-Microcontrollers\Final Project LAB\Final\Code\FINAL.X\finalcode.asm
TESTE_VOLTA_FIM_CURVA1_10   0x0000b7    program     static C:\Users\thyag\OneDrive\Documentos\GitHub\Microprocessors-Microcontrollers\Final Project LAB\Final\Code\FINAL.X\finalcode.asm
TESTE_VOLTA_FIM_CURVA1_11   0x0000d7    program     static C:\Users\thyag\OneDrive\Documentos\GitHub\Microprocessors-Microcontrollers\Final Project LAB\Final\Code\FINAL.X\finalcode.asm
 TESTE_VOLTA_FIM_CURVA_01   0x000089    program     static C:\Users\thyag\OneDrive\Documentos\GitHub\Microprocessors-Microcontrollers\Final Project LAB\Final\Code\FINAL.X\finalcode.asm
 TESTE_VOLTA_FIM_CURVA_10   0x0000a9    program     static C:\Users\thyag\OneDrive\Documentos\GitHub\Microprocessors-Microcontrollers\Final Project LAB\Final\Code\FINAL.X\finalcode.asm
 TESTE_VOLTA_FIM_CURVA_11   0x0000c9    program     static C:\Users\thyag\OneDrive\Documentos\GitHub\Microprocessors-Microcontrollers\Final Project LAB\Final\Code\FINAL.X\finalcode.asm
TESTE_VOLTA_SENSOR_DIREITO   0x000070    program     static C:\Users\thyag\OneDrive\Documentos\GitHub\Microprocessors-Microcontrollers\Final Project LAB\Final\Code\FINAL.X\finalcode.asm
TESTE_VOLTA_SENSOR_DIREITO_01   0x000090    program     static C:\Users\thyag\OneDrive\Documentos\GitHub\Microprocessors-Microcontrollers\Final Project LAB\Final\Code\FINAL.X\finalcode.asm
TESTE_VOLTA_SENSOR_DIREITO_11   0x0000d0    program     static C:\Users\thyag\OneDrive\Documentos\GitHub\Microprocessors-Microcontrollers\Final Project LAB\Final\Code\FINAL.X\finalcode.asm
TESTE_VOLTA_SENSOR_ESQUERDO_10   0x0000b0    program     static C:\Users\thyag\OneDrive\Documentos\GitHub\Microprocessors-Microcontrollers\Final Project LAB\Final\Code\FINAL.X\finalcode.asm
             _.org_1_001F   0x00001f    program     static C:\Users\thyag\OneDrive\Documentos\GitHub\Microprocessors-Microcontrollers\Final Project LAB\Final\Code\FINAL.X\finalcode.asm
             _.org_1_005F   0x00005f    program     static C:\Users\thyag\OneDrive\Documentos\GitHub\Microprocessors-Microcontrollers\Final Project LAB\Final\Code\FINAL.X\finalcode.asm
             _.org_1_007F   0x00007f    program     static C:\Users\thyag\OneDrive\Documentos\GitHub\Microprocessors-Microcontrollers\Final Project LAB\Final\Code\FINAL.X\finalcode.asm
             _.org_1_0082   0x000082    program     static C:\Users\thyag\OneDrive\Documentos\GitHub\Microprocessors-Microcontrollers\Final Project LAB\Final\Code\FINAL.X\finalcode.asm
             _.org_1_0091   0x000091    program     static C:\Users\thyag\OneDrive\Documentos\GitHub\Microprocessors-Microcontrollers\Final Project LAB\Final\Code\FINAL.X\finalcode.asm
             _.org_1_009F   0x00009f    program     static C:\Users\thyag\OneDrive\Documentos\GitHub\Microprocessors-Microcontrollers\Final Project LAB\Final\Code\FINAL.X\finalcode.asm
             _.org_1_00A2   0x0000a2    program     static C:\Users\thyag\OneDrive\Documentos\GitHub\Microprocessors-Microcontrollers\Final Project LAB\Final\Code\FINAL.X\finalcode.asm
             _.org_1_00B1   0x0000b1    program     static C:\Users\thyag\OneDrive\Documentos\GitHub\Microprocessors-Microcontrollers\Final Project LAB\Final\Code\FINAL.X\finalcode.asm
             _.org_1_00BF   0x0000bf    program     static C:\Users\thyag\OneDrive\Documentos\GitHub\Microprocessors-Microcontrollers\Final Project LAB\Final\Code\FINAL.X\finalcode.asm



                              Symbols - Sorted by Address
                     Name    Address   Location    Storage File                     
                ---------  ---------  ---------  --------- ---------                
                   INICIO   0x000005    program     static C:\Users\thyag\OneDrive\Documentos\GitHub\Microprocessors-Microcontrollers\Final Project LAB\Final\Code\FINAL.X\finalcode.asm
             LIGA_MOTORES   0x00001c    program     static C:\Users\thyag\OneDrive\Documentos\GitHub\Microprocessors-Microcontrollers\Final Project LAB\Final\Code\FINAL.X\finalcode.asm
       TESTE_CURVA_INICIO   0x00001e    program     static C:\Users\thyag\OneDrive\Documentos\GitHub\Microprocessors-Microcontrollers\Final Project LAB\Final\Code\FINAL.X\finalcode.asm
             _.org_1_001F   0x00001f    program     static C:\Users\thyag\OneDrive\Documentos\GitHub\Microprocessors-Microcontrollers\Final Project LAB\Final\Code\FINAL.X\finalcode.asm
     FAZER_CURVA_ESQUERDA   0x000024    program     static C:\Users\thyag\OneDrive\Documentos\GitHub\Microprocessors-Microcontrollers\Final Project LAB\Final\Code\FINAL.X\finalcode.asm
          TESTE_FIM_CURVA   0x000028    program     static C:\Users\thyag\OneDrive\Documentos\GitHub\Microprocessors-Microcontrollers\Final Project LAB\Final\Code\FINAL.X\finalcode.asm
     TESTE_SENSOR_DIREITO   0x000031    program     static C:\Users\thyag\OneDrive\Documentos\GitHub\Microprocessors-Microcontrollers\Final Project LAB\Final\Code\FINAL.X\finalcode.asm
         TESTE_FIM_CURVA1   0x000037    program     static C:\Users\thyag\OneDrive\Documentos\GitHub\Microprocessors-Microcontrollers\Final Project LAB\Final\Code\FINAL.X\finalcode.asm
                  PARTE_I   0x000040    program     static C:\Users\thyag\OneDrive\Documentos\GitHub\Microprocessors-Microcontrollers\Final Project LAB\Final\Code\FINAL.X\finalcode.asm
                     GIRO   0x000044    program     static C:\Users\thyag\OneDrive\Documentos\GitHub\Microprocessors-Microcontrollers\Final Project LAB\Final\Code\FINAL.X\finalcode.asm
       TESTE_GIRO_DIREITO   0x000051    program     static C:\Users\thyag\OneDrive\Documentos\GitHub\Microprocessors-Microcontrollers\Final Project LAB\Final\Code\FINAL.X\finalcode.asm
                 PARTE_II   0x000054    program     static C:\Users\thyag\OneDrive\Documentos\GitHub\Microprocessors-Microcontrollers\Final Project LAB\Final\Code\FINAL.X\finalcode.asm
               CAMINHO_0X   0x000058    program     static C:\Users\thyag\OneDrive\Documentos\GitHub\Microprocessors-Microcontrollers\Final Project LAB\Final\Code\FINAL.X\finalcode.asm
               CAMINHO_1X   0x00005b    program     static C:\Users\thyag\OneDrive\Documentos\GitHub\Microprocessors-Microcontrollers\Final Project LAB\Final\Code\FINAL.X\finalcode.asm
               CAMINHO_00   0x00005e    program     static C:\Users\thyag\OneDrive\Documentos\GitHub\Microprocessors-Microcontrollers\Final Project LAB\Final\Code\FINAL.X\finalcode.asm
             _.org_1_005F   0x00005f    program     static C:\Users\thyag\OneDrive\Documentos\GitHub\Microprocessors-Microcontrollers\Final Project LAB\Final\Code\FINAL.X\finalcode.asm
FAZER_VOLTA_CURVA_ESQUERDA   0x000064    program     static C:\Users\thyag\OneDrive\Documentos\GitHub\Microprocessors-Microcontrollers\Final Project LAB\Final\Code\FINAL.X\finalcode.asm
    TESTE_VOLTA_FIM_CURVA   0x000069    program     static C:\Users\thyag\OneDrive\Documentos\GitHub\Microprocessors-Microcontrollers\Final Project LAB\Final\Code\FINAL.X\finalcode.asm
TESTE_VOLTA_SENSOR_DIREITO   0x000070    program     static C:\Users\thyag\OneDrive\Documentos\GitHub\Microprocessors-Microcontrollers\Final Project LAB\Final\Code\FINAL.X\finalcode.asm
   TESTE_VOLTA_FIM_CURVA1   0x000077    program     static C:\Users\thyag\OneDrive\Documentos\GitHub\Microprocessors-Microcontrollers\Final Project LAB\Final\Code\FINAL.X\finalcode.asm
               CAMINHO_01   0x00007e    program     static C:\Users\thyag\OneDrive\Documentos\GitHub\Microprocessors-Microcontrollers\Final Project LAB\Final\Code\FINAL.X\finalcode.asm
             _.org_1_007F   0x00007f    program     static C:\Users\thyag\OneDrive\Documentos\GitHub\Microprocessors-Microcontrollers\Final Project LAB\Final\Code\FINAL.X\finalcode.asm
             _.org_1_0082   0x000082    program     static C:\Users\thyag\OneDrive\Documentos\GitHub\Microprocessors-Microcontrollers\Final Project LAB\Final\Code\FINAL.X\finalcode.asm
FAZER_VOLTA_CURVA_ESQUERDA_01   0x000084    program     static C:\Users\thyag\OneDrive\Documentos\GitHub\Microprocessors-Microcontrollers\Final Project LAB\Final\Code\FINAL.X\finalcode.asm
 TESTE_VOLTA_FIM_CURVA_01   0x000089    program     static C:\Users\thyag\OneDrive\Documentos\GitHub\Microprocessors-Microcontrollers\Final Project LAB\Final\Code\FINAL.X\finalcode.asm
TESTE_VOLTA_SENSOR_DIREITO_01   0x000090    program     static C:\Users\thyag\OneDrive\Documentos\GitHub\Microprocessors-Microcontrollers\Final Project LAB\Final\Code\FINAL.X\finalcode.asm
             _.org_1_0091   0x000091    program     static C:\Users\thyag\OneDrive\Documentos\GitHub\Microprocessors-Microcontrollers\Final Project LAB\Final\Code\FINAL.X\finalcode.asm
TESTE_VOLTA_FIM_CURVA1_01   0x000097    program     static C:\Users\thyag\OneDrive\Documentos\GitHub\Microprocessors-Microcontrollers\Final Project LAB\Final\Code\FINAL.X\finalcode.asm
               CAMINHO_10   0x00009e    program     static C:\Users\thyag\OneDrive\Documentos\GitHub\Microprocessors-Microcontrollers\Final Project LAB\Final\Code\FINAL.X\finalcode.asm
             _.org_1_009F   0x00009f    program     static C:\Users\thyag\OneDrive\Documentos\GitHub\Microprocessors-Microcontrollers\Final Project LAB\Final\Code\FINAL.X\finalcode.asm
             _.org_1_00A2   0x0000a2    program     static C:\Users\thyag\OneDrive\Documentos\GitHub\Microprocessors-Microcontrollers\Final Project LAB\Final\Code\FINAL.X\finalcode.asm
FAZER_VOLTA_CURVA_DIREITA_10   0x0000a4    program     static C:\Users\thyag\OneDrive\Documentos\GitHub\Microprocessors-Microcontrollers\Final Project LAB\Final\Code\FINAL.X\finalcode.asm
 TESTE_VOLTA_FIM_CURVA_10   0x0000a9    program     static C:\Users\thyag\OneDrive\Documentos\GitHub\Microprocessors-Microcontrollers\Final Project LAB\Final\Code\FINAL.X\finalcode.asm
TESTE_VOLTA_SENSOR_ESQUERDO_10   0x0000b0    program     static C:\Users\thyag\OneDrive\Documentos\GitHub\Microprocessors-Microcontrollers\Final Project LAB\Final\Code\FINAL.X\finalcode.asm
             _.org_1_00B1   0x0000b1    program     static C:\Users\thyag\OneDrive\Documentos\GitHub\Microprocessors-Microcontrollers\Final Project LAB\Final\Code\FINAL.X\finalcode.asm
TESTE_VOLTA_FIM_CURVA1_10   0x0000b7    program     static C:\Users\thyag\OneDrive\Documentos\GitHub\Microprocessors-Microcontrollers\Final Project LAB\Final\Code\FINAL.X\finalcode.asm
               CAMINHO_11   0x0000be    program     static C:\Users\thyag\OneDrive\Documentos\GitHub\Microprocessors-Microcontrollers\Final Project LAB\Final\Code\FINAL.X\finalcode.asm
             _.org_1_00BF   0x0000bf    program     static C:\Users\thyag\OneDrive\Documentos\GitHub\Microprocessors-Microcontrollers\Final Project LAB\Final\Code\FINAL.X\finalcode.asm
FAZER_VOLTA_CURVA_DIREITA_11   0x0000c4    program     static C:\Users\thyag\OneDrive\Documentos\GitHub\Microprocessors-Microcontrollers\Final Project LAB\Final\Code\FINAL.X\finalcode.asm
 TESTE_VOLTA_FIM_CURVA_11   0x0000c9    program     static C:\Users\thyag\OneDrive\Documentos\GitHub\Microprocessors-Microcontrollers\Final Project LAB\Final\Code\FINAL.X\finalcode.asm
TESTE_VOLTA_SENSOR_DIREITO_11   0x0000d0    program     static C:\Users\thyag\OneDrive\Documentos\GitHub\Microprocessors-Microcontrollers\Final Project LAB\Final\Code\FINAL.X\finalcode.asm
TESTE_VOLTA_FIM_CURVA1_11   0x0000d7    program     static C:\Users\thyag\OneDrive\Documentos\GitHub\Microprocessors-Microcontrollers\Final Project LAB\Final\Code\FINAL.X\finalcode.asm
                PARTE_III   0x0000df    program     static C:\Users\thyag\OneDrive\Documentos\GitHub\Microprocessors-Microcontrollers\Final Project LAB\Final\Code\FINAL.X\finalcode.asm
                   ATRASO   0x0000e7    program     static C:\Users\thyag\OneDrive\Documentos\GitHub\Microprocessors-Microcontrollers\Final Project LAB\Final\Code\FINAL.X\finalcode.asm
                      AUX   0x0000ec    program     static C:\Users\thyag\OneDrive\Documentos\GitHub\Microprocessors-Microcontrollers\Final Project LAB\Final\Code\FINAL.X\finalcode.asm


